mode: atomic
binh-swagger/cmd/swagger/commands/generate/mocks/orchestrator.go:12.94,13.30 1 0
binh-swagger/cmd/swagger/commands/generate/mocks/orchestrator.go:13.30,15.3 1 0
binh-swagger/cmd/swagger/commands/generate/mocks/orchestrator.go:16.2,16.12 1 0
binh-swagger/cmd/swagger/commands/helpers/mocks/fileHelper.go:24.64,26.2 1 0
binh-swagger/cmd/swagger/commands/helpers/mocks/fileHelper.go:28.78,30.2 1 0
binh-swagger/cmd/swagger/commands/helpers/mocks/fileHelper.go:32.58,34.2 1 0
binh-swagger/cmd/swagger/commands/helpers/mocks/fileHelper.go:36.105,38.2 1 0
binh-swagger/cmd/swagger/commands/helpers/mocks/fileHelper.go:40.70,42.2 1 0
binh-swagger/cmd/swagger/commands/helpers/mocks/fileHelper.go:44.86,46.2 1 0
binh-swagger/cmd/swagger/commands/helpers/mocks/fileHelper.go:48.46,50.2 1 0
binh-swagger/cmd/swagger/commands/helpers/mocks/fileHelper.go:52.62,54.2 1 0
binh-swagger/cmd/swagger/commands/helpers/mocks/fileHelper.go:56.44,58.49 1 0
binh-swagger/cmd/swagger/commands/helpers/mocks/fileHelper.go:58.49,60.4 1 0
binh-swagger/cmd/swagger/commands/helpers/mocks/fileHelper.go:62.41,64.4 1 0
binh-swagger/cmd/swagger/commands/helpers/mocks/fileHelper.go:65.89,67.4 1 0
binh-swagger/cmd/swagger/commands/helpers/mocks/fileHelper.go:68.53,70.4 1 0
binh-swagger/cmd/swagger/commands/helpers/mocks/fileHelper.go:71.72,73.4 1 0
binh-swagger/cmd/swagger/commands/helpers/mocks/fileHelper.go:74.32,76.4 1 0
binh-swagger/cmd/swagger/commands/helpers/mocks/fileHelper.go:79.2,79.13 1 0
binh-swagger/cmd/swagger/commands/helpers/mocks/fileHelper.go:86.65,87.29 1 0
binh-swagger/cmd/swagger/commands/helpers/mocks/fileHelper.go:87.29,89.3 1 0
binh-swagger/cmd/swagger/commands/helpers/mocks/fileHelper.go:90.2,90.31 1 0
binh-swagger/cmd/swagger/commands/helpers/mocks/fileHelper.go:93.54,97.2 3 0
binh-swagger/cmd/swagger/commands/helpers/mocks/fileHelper.go:99.55,102.101 3 0
binh-swagger/cmd/swagger/commands/helpers/mocks/fileHelper.go:102.101,104.3 1 0
binh-swagger/cmd/swagger/commands/helpers/mocks/fileHelper.go:105.2,105.12 1 0
binh-swagger/cmd/swagger/commands/adaptor/fileHelperAdapter.go:22.74,24.2 1 0
binh-swagger/cmd/swagger/commands/adaptor/fileHelperAdapter.go:26.102,28.2 1 0
binh-swagger/cmd/swagger/commands/adaptor/fileHelperAdapter.go:30.69,32.2 1 0
binh-swagger/cmd/swagger/commands/adaptor/fileHelperAdapter.go:34.125,36.2 1 0
binh-swagger/cmd/swagger/commands/adaptor/fileHelperAdapter.go:38.78,40.2 1 0
binh-swagger/cmd/swagger/commands/adaptor/fileHelperAdapter.go:42.97,44.2 1 0
binh-swagger/cmd/swagger/commands/adaptor/fileHelperAdapter.go:46.50,48.2 1 0
binh-swagger/cmd/swagger/commands/adaptor/fileHelperAdapter.go:50.66,52.2 1 0
binh-swagger/cmd/swagger/swagger.go:13.13,15.16 2 0
binh-swagger/cmd/swagger/swagger.go:15.16,17.3 1 0
binh-swagger/cmd/swagger/swagger.go:19.2,20.16 2 0
binh-swagger/cmd/swagger/swagger.go:20.16,22.3 1 0
binh-swagger/cmd/swagger/swagger.go:25.43,32.2 3 2
binh-swagger/cmd/swagger/swagger.go:34.43,44.16 5 2
binh-swagger/cmd/swagger/swagger.go:44.16,46.3 1 0
binh-swagger/cmd/swagger/swagger.go:47.2,53.16 2 2
binh-swagger/cmd/swagger/swagger.go:53.16,55.3 1 0
binh-swagger/cmd/swagger/swagger.go:56.2,62.16 2 2
binh-swagger/cmd/swagger/swagger.go:62.16,64.3 1 0
binh-swagger/cmd/swagger/swagger.go:65.2,71.16 2 2
binh-swagger/cmd/swagger/swagger.go:71.16,73.3 1 0
binh-swagger/cmd/swagger/swagger.go:74.2,83.16 2 2
binh-swagger/cmd/swagger/swagger.go:83.16,85.3 1 0
binh-swagger/cmd/swagger/swagger.go:87.2,87.20 1 2
binh-swagger/cmd/swagger/commands/generate/generate.go:60.113,62.16 2 12
binh-swagger/cmd/swagger/commands/generate/generate.go:62.16,64.3 1 1
binh-swagger/cmd/swagger/commands/generate/generate.go:66.2,68.20 2 11
binh-swagger/cmd/swagger/commands/generate/generate.go:68.20,70.17 2 11
binh-swagger/cmd/swagger/commands/generate/generate.go:70.17,72.4 1 0
binh-swagger/cmd/swagger/commands/generate/generate.go:75.2,75.21 1 11
binh-swagger/cmd/swagger/commands/generate/generate.go:75.21,77.17 2 9
binh-swagger/cmd/swagger/commands/generate/generate.go:77.17,79.4 1 0
binh-swagger/cmd/swagger/commands/generate/generate.go:82.2,82.20 1 11
binh-swagger/cmd/swagger/commands/generate/generate.go:82.20,84.17 2 0
binh-swagger/cmd/swagger/commands/generate/generate.go:84.17,86.4 1 0
binh-swagger/cmd/swagger/commands/generate/generate.go:89.2,89.22 1 11
binh-swagger/cmd/swagger/commands/generate/generate.go:89.22,91.17 2 0
binh-swagger/cmd/swagger/commands/generate/generate.go:91.17,93.4 1 0
binh-swagger/cmd/swagger/commands/generate/generate.go:96.2,96.23 1 11
binh-swagger/cmd/swagger/commands/generate/generate.go:96.23,98.17 2 0
binh-swagger/cmd/swagger/commands/generate/generate.go:98.17,100.4 1 0
binh-swagger/cmd/swagger/commands/generate/generate.go:103.2,112.8 1 11
binh-swagger/cmd/swagger/commands/generate/generate.go:115.100,122.16 3 21
binh-swagger/cmd/swagger/commands/generate/generate.go:122.16,124.3 1 0
binh-swagger/cmd/swagger/commands/generate/generate.go:125.2,128.19 4 21
binh-swagger/cmd/swagger/commands/generate/generate.go:131.115,134.46 2 23
binh-swagger/cmd/swagger/commands/generate/generate.go:134.46,142.16 4 24
binh-swagger/cmd/swagger/commands/generate/generate.go:142.16,143.24 1 12
binh-swagger/cmd/swagger/commands/generate/generate.go:143.24,145.5 1 0
binh-swagger/cmd/swagger/commands/generate/generate.go:146.4,146.42 1 12
binh-swagger/cmd/swagger/commands/generate/generate.go:146.42,148.5 1 1
binh-swagger/cmd/swagger/commands/generate/generate.go:148.10,150.5 1 11
binh-swagger/cmd/swagger/commands/generate/generate.go:151.4,154.54 3 12
binh-swagger/cmd/swagger/commands/generate/generate.go:156.3,156.35 1 24
binh-swagger/cmd/swagger/commands/generate/generate.go:158.2,158.23 1 23
binh-swagger/cmd/swagger/commands/generate/generate.go:161.105,163.25 2 14
binh-swagger/cmd/swagger/commands/generate/generate.go:164.23,165.73 1 2
binh-swagger/cmd/swagger/commands/generate/generate.go:166.24,167.72 1 12
binh-swagger/cmd/swagger/commands/generate/generate.go:168.10,169.94 1 0
binh-swagger/cmd/swagger/commands/generate/generate.go:172.2,172.33 1 14
binh-swagger/cmd/swagger/commands/generate/generate.go:175.67,177.32 2 23
binh-swagger/cmd/swagger/commands/generate/generate.go:177.32,178.34 1 25
binh-swagger/cmd/swagger/commands/generate/generate.go:178.34,180.4 1 13
binh-swagger/cmd/swagger/commands/generate/generate.go:182.2,182.34 1 23
binh-swagger/cmd/swagger/commands/generate/generate.go:185.54,186.23 1 44
binh-swagger/cmd/swagger/commands/generate/generate.go:186.23,188.3 1 3
binh-swagger/cmd/swagger/commands/generate/generate.go:190.2,190.25 1 41
binh-swagger/cmd/swagger/commands/generate/generate.go:191.23,192.45 1 1
binh-swagger/cmd/swagger/commands/generate/generate.go:193.24,194.39 1 22
binh-swagger/cmd/swagger/commands/generate/generate.go:195.10,196.12 1 18
binh-swagger/cmd/swagger/commands/generate/generate.go:200.68,205.2 1 6
binh-swagger/cmd/swagger/commands/generate/generate.go:208.49,209.25 1 22
binh-swagger/cmd/swagger/commands/generate/generate.go:209.25,211.3 1 2
binh-swagger/cmd/swagger/commands/generate/generate.go:214.2,218.36 3 20
binh-swagger/cmd/swagger/commands/generate/generate.go:218.36,219.38 1 29
binh-swagger/cmd/swagger/commands/generate/generate.go:219.38,221.9 2 20
binh-swagger/cmd/swagger/commands/generate/generate.go:225.2,225.19 1 20
binh-swagger/cmd/swagger/commands/generate/generate.go:225.19,226.37 1 0
binh-swagger/cmd/swagger/commands/generate/generate.go:226.37,227.33 1 0
binh-swagger/cmd/swagger/commands/generate/generate.go:227.33,230.10 3 0
binh-swagger/cmd/swagger/commands/generate/generate.go:235.2,235.43 1 20
binh-swagger/cmd/swagger/commands/generate/generate.go:235.43,237.3 1 0
binh-swagger/cmd/swagger/commands/generate/generate.go:239.2,241.16 2 20
binh-swagger/cmd/swagger/commands/generate/generate.go:242.23,244.16 2 0
binh-swagger/cmd/swagger/commands/generate/generate.go:244.16,246.4 1 0
binh-swagger/cmd/swagger/commands/generate/generate.go:247.3,247.27 1 0
binh-swagger/cmd/swagger/commands/generate/generate.go:249.28,251.16 2 20
binh-swagger/cmd/swagger/commands/generate/generate.go:251.16,253.4 1 9
binh-swagger/cmd/swagger/commands/generate/generate.go:254.3,254.25 1 11
binh-swagger/cmd/swagger/commands/generate/generate.go:256.10,257.12 1 0
binh-swagger/cmd/swagger/commands/generate/modelGenerator.go:11.60,12.49 1 3
binh-swagger/cmd/swagger/commands/generate/modelGenerator.go:12.49,14.3 1 0
binh-swagger/cmd/swagger/commands/generate/modelGenerator.go:16.2,19.16 4 3
binh-swagger/cmd/swagger/commands/generate/modelGenerator.go:19.16,21.3 1 0
binh-swagger/cmd/swagger/commands/generate/modelGenerator.go:23.2,24.115 2 3
binh-swagger/cmd/swagger/commands/generate/modelGenerator.go:24.115,26.3 1 0
binh-swagger/cmd/swagger/commands/generate/modelGenerator.go:28.2,28.119 1 3
binh-swagger/cmd/swagger/commands/generate/modelGenerator.go:28.119,30.3 1 0
binh-swagger/cmd/swagger/commands/generate/modelGenerator.go:32.2,33.16 2 3
binh-swagger/cmd/swagger/commands/generate/modelGenerator.go:33.16,35.3 1 0
binh-swagger/cmd/swagger/commands/generate/modelGenerator.go:37.2,41.74 4 3
binh-swagger/cmd/swagger/commands/generate/modelGenerator.go:44.75,46.31 2 5
binh-swagger/cmd/swagger/commands/generate/modelGenerator.go:46.31,47.35 1 16
binh-swagger/cmd/swagger/commands/generate/modelGenerator.go:47.35,48.12 1 4
binh-swagger/cmd/swagger/commands/generate/modelGenerator.go:50.3,55.30 2 12
binh-swagger/cmd/swagger/commands/generate/modelGenerator.go:57.2,63.15 3 5
binh-swagger/cmd/swagger/commands/generate/orchestrator.go:13.88,15.2 1 0
binh-swagger/cmd/swagger/commands/generate/orchestrator.go:17.63,20.50 2 1
binh-swagger/cmd/swagger/commands/generate/orchestrator.go:20.50,22.3 1 0
binh-swagger/cmd/swagger/commands/generate/orchestrator.go:24.2,24.51 1 1
binh-swagger/cmd/swagger/commands/generate/orchestrator.go:24.51,26.3 1 0
binh-swagger/cmd/swagger/commands/generate/orchestrator.go:28.2,28.49 1 1
binh-swagger/cmd/swagger/commands/generate/orchestrator.go:28.49,30.3 1 0
binh-swagger/cmd/swagger/commands/generate/orchestrator.go:37.2,37.45 1 1
binh-swagger/cmd/swagger/commands/generate/orchestrator.go:37.45,39.3 1 0
binh-swagger/cmd/swagger/commands/generate/orchestrator.go:41.2,42.37 2 1
binh-swagger/cmd/swagger/commands/generate/orchestrator.go:42.37,44.17 2 2
binh-swagger/cmd/swagger/commands/generate/orchestrator.go:44.17,46.4 1 0
binh-swagger/cmd/swagger/commands/generate/orchestrator.go:47.3,47.50 1 2
binh-swagger/cmd/swagger/commands/generate/orchestrator.go:47.50,49.4 1 0
binh-swagger/cmd/swagger/commands/generate/orchestrator.go:50.3,50.28 1 2
binh-swagger/cmd/swagger/commands/generate/orchestrator.go:53.2,54.40 2 1
binh-swagger/cmd/swagger/commands/generate/orchestrator.go:54.40,56.17 2 1
binh-swagger/cmd/swagger/commands/generate/orchestrator.go:56.17,58.4 1 0
binh-swagger/cmd/swagger/commands/generate/orchestrator.go:59.3,59.48 1 1
binh-swagger/cmd/swagger/commands/generate/orchestrator.go:59.48,61.4 1 0
binh-swagger/cmd/swagger/commands/generate/orchestrator.go:62.3,62.58 1 1
binh-swagger/cmd/swagger/commands/generate/orchestrator.go:65.2,65.51 1 1
binh-swagger/cmd/swagger/commands/generate/orchestrator.go:65.51,67.3 1 0
binh-swagger/cmd/swagger/commands/generate/orchestrator.go:68.2,68.12 1 1
binh-swagger/cmd/swagger/commands/generate/orchestrator.go:71.49,75.37 3 1
binh-swagger/cmd/swagger/commands/generate/orchestrator.go:75.37,77.17 2 2
binh-swagger/cmd/swagger/commands/generate/orchestrator.go:77.17,79.4 1 0
binh-swagger/cmd/swagger/commands/generate/orchestrator.go:80.3,80.32 1 2
binh-swagger/cmd/swagger/commands/generate/orchestrator.go:83.2,83.35 1 1
binh-swagger/cmd/swagger/commands/generate/orchestrator.go:83.35,85.17 2 1
binh-swagger/cmd/swagger/commands/generate/orchestrator.go:85.17,87.4 1 0
binh-swagger/cmd/swagger/commands/generate/orchestrator.go:88.3,88.30 1 1
binh-swagger/cmd/swagger/commands/generate/orchestrator.go:90.2,90.12 1 1
binh-swagger/cmd/swagger/commands/generate/pathGenerator.go:20.50,21.49 1 3
binh-swagger/cmd/swagger/commands/generate/pathGenerator.go:21.49,23.3 1 1
binh-swagger/cmd/swagger/commands/generate/pathGenerator.go:25.2,30.70 3 2
binh-swagger/cmd/swagger/commands/generate/pathGenerator.go:30.70,32.3 1 0
binh-swagger/cmd/swagger/commands/generate/pathGenerator.go:34.2,34.68 1 2
binh-swagger/cmd/swagger/commands/generate/pathGenerator.go:34.68,36.3 1 0
binh-swagger/cmd/swagger/commands/generate/pathGenerator.go:38.2,38.12 1 2
binh-swagger/cmd/swagger/commands/generate/pathGenerator.go:41.78,44.20 2 6
binh-swagger/cmd/swagger/commands/generate/pathGenerator.go:44.20,45.73 1 6
binh-swagger/cmd/swagger/commands/generate/pathGenerator.go:45.73,47.4 1 6
binh-swagger/cmd/swagger/commands/generate/pathGenerator.go:49.2,49.21 1 6
binh-swagger/cmd/swagger/commands/generate/pathGenerator.go:49.21,50.75 1 5
binh-swagger/cmd/swagger/commands/generate/pathGenerator.go:50.75,52.4 1 5
binh-swagger/cmd/swagger/commands/generate/pathGenerator.go:54.2,54.20 1 6
binh-swagger/cmd/swagger/commands/generate/pathGenerator.go:54.20,55.73 1 0
binh-swagger/cmd/swagger/commands/generate/pathGenerator.go:55.73,57.4 1 0
binh-swagger/cmd/swagger/commands/generate/pathGenerator.go:59.2,59.23 1 6
binh-swagger/cmd/swagger/commands/generate/pathGenerator.go:59.23,60.79 1 0
binh-swagger/cmd/swagger/commands/generate/pathGenerator.go:60.79,62.4 1 0
binh-swagger/cmd/swagger/commands/generate/pathGenerator.go:64.2,64.22 1 6
binh-swagger/cmd/swagger/commands/generate/pathGenerator.go:64.22,65.77 1 0
binh-swagger/cmd/swagger/commands/generate/pathGenerator.go:65.77,67.4 1 0
binh-swagger/cmd/swagger/commands/generate/pathGenerator.go:70.2,70.12 1 6
binh-swagger/cmd/swagger/commands/generate/pathGenerator.go:73.103,75.43 2 13
binh-swagger/cmd/swagger/commands/generate/pathGenerator.go:75.43,82.3 1 12
binh-swagger/cmd/swagger/commands/generate/pathGenerator.go:83.2,84.17 2 13
binh-swagger/cmd/swagger/commands/generate/pathGenerator.go:84.17,86.3 1 0
binh-swagger/cmd/swagger/commands/generate/pathGenerator.go:88.2,96.8 2 13
binh-swagger/cmd/swagger/commands/generate/pathGenerator.go:99.144,104.16 5 2
binh-swagger/cmd/swagger/commands/generate/pathGenerator.go:104.16,106.3 1 0
binh-swagger/cmd/swagger/commands/generate/pathGenerator.go:108.2,108.120 1 2
binh-swagger/cmd/swagger/commands/generate/pathGenerator.go:108.120,110.3 1 0
binh-swagger/cmd/swagger/commands/generate/pathGenerator.go:112.2,116.109 3 2
binh-swagger/cmd/swagger/commands/generate/pathGenerator.go:116.109,118.3 1 0
binh-swagger/cmd/swagger/commands/generate/pathGenerator.go:120.2,121.74 2 2
binh-swagger/cmd/swagger/commands/generate/pathGenerator.go:124.146,130.16 5 5
binh-swagger/cmd/swagger/commands/generate/pathGenerator.go:130.16,132.3 1 0
binh-swagger/cmd/swagger/commands/generate/pathGenerator.go:134.2,134.120 1 5
binh-swagger/cmd/swagger/commands/generate/pathGenerator.go:134.120,136.3 1 0
binh-swagger/cmd/swagger/commands/generate/pathGenerator.go:137.2,137.24 1 5
binh-swagger/cmd/swagger/commands/generate/pathGenerator.go:137.24,138.26 1 9
binh-swagger/cmd/swagger/commands/generate/pathGenerator.go:138.26,139.12 1 0
binh-swagger/cmd/swagger/commands/generate/pathGenerator.go:141.3,142.17 2 9
binh-swagger/cmd/swagger/commands/generate/pathGenerator.go:142.17,144.4 1 0
binh-swagger/cmd/swagger/commands/generate/pathGenerator.go:146.2,147.74 2 5
binh-swagger/cmd/swagger/commands/generate/pathGenerator.go:150.105,152.24 2 3
binh-swagger/cmd/swagger/commands/generate/pathGenerator.go:152.24,153.26 1 5
binh-swagger/cmd/swagger/commands/generate/pathGenerator.go:153.26,154.12 1 0
binh-swagger/cmd/swagger/commands/generate/pathGenerator.go:156.3,162.33 2 5
binh-swagger/cmd/swagger/commands/generate/pathGenerator.go:164.2,164.15 1 3
binh-swagger/cmd/swagger/commands/generate/projectGenerator.go:15.78,17.16 2 2
binh-swagger/cmd/swagger/commands/generate/projectGenerator.go:17.16,19.3 1 0
binh-swagger/cmd/swagger/commands/generate/projectGenerator.go:21.2,23.16 3 2
binh-swagger/cmd/swagger/commands/generate/projectGenerator.go:23.16,25.3 1 0
binh-swagger/cmd/swagger/commands/generate/projectGenerator.go:27.2,28.16 2 2
binh-swagger/cmd/swagger/commands/generate/projectGenerator.go:28.16,30.3 1 0
binh-swagger/cmd/swagger/commands/generate/projectGenerator.go:32.2,35.16 3 2
binh-swagger/cmd/swagger/commands/generate/projectGenerator.go:35.16,37.3 1 0
binh-swagger/cmd/swagger/commands/generate/projectGenerator.go:39.2,39.34 1 2
binh-swagger/cmd/swagger/commands/generate/projectGenerator.go:39.34,40.57 1 16
binh-swagger/cmd/swagger/commands/generate/projectGenerator.go:40.57,42.43 1 0
binh-swagger/cmd/swagger/commands/generate/projectGenerator.go:42.43,44.5 1 0
binh-swagger/cmd/swagger/commands/generate/projectGenerator.go:45.4,45.18 1 0
binh-swagger/cmd/swagger/commands/generate/projectGenerator.go:47.3,47.41 1 16
binh-swagger/cmd/swagger/commands/generate/projectGenerator.go:50.2,50.21 1 2
binh-swagger/cmd/swagger/commands/generate/projectGenerator.go:55.55,56.29 1 29
binh-swagger/cmd/swagger/commands/generate/projectGenerator.go:56.29,58.3 1 3
binh-swagger/cmd/swagger/commands/generate/projectGenerator.go:59.2,59.30 1 26
binh-swagger/cmd/swagger/commands/generate/projectGenerator.go:63.48,64.29 1 14
binh-swagger/cmd/swagger/commands/generate/projectGenerator.go:64.29,66.3 1 0
binh-swagger/cmd/swagger/commands/generate/projectGenerator.go:67.2,77.12 2 14
binh-swagger/cmd/swagger/commands/generate/serverGenerator.go:17.51,19.16 2 2
binh-swagger/cmd/swagger/commands/generate/serverGenerator.go:19.16,21.3 1 0
binh-swagger/cmd/swagger/commands/generate/serverGenerator.go:22.2,25.16 3 2
binh-swagger/cmd/swagger/commands/generate/serverGenerator.go:25.16,27.3 1 0
binh-swagger/cmd/swagger/commands/generate/serverGenerator.go:28.2,29.52 2 2
binh-swagger/cmd/swagger/commands/generate/serverGenerator.go:29.52,31.3 1 0
binh-swagger/cmd/swagger/commands/generate/serverGenerator.go:33.2,42.16 4 2
binh-swagger/cmd/swagger/commands/generate/serverGenerator.go:42.16,44.3 1 0
binh-swagger/cmd/swagger/commands/generate/serverGenerator.go:46.2,47.16 2 2
binh-swagger/cmd/swagger/commands/generate/serverGenerator.go:47.16,49.3 1 0
binh-swagger/cmd/swagger/commands/generate/serverGenerator.go:51.2,52.74 2 2
binh-swagger/cmd/swagger/commands/generate/serverGenerator.go:55.50,56.33 1 2
binh-swagger/cmd/swagger/commands/generate/serverGenerator.go:56.33,57.17 1 3
binh-swagger/cmd/swagger/commands/generate/serverGenerator.go:57.17,59.4 1 0
binh-swagger/cmd/swagger/commands/generate/serverGenerator.go:60.3,60.36 1 3
binh-swagger/cmd/swagger/commands/generate/serverGenerator.go:60.36,62.4 1 0
binh-swagger/cmd/swagger/commands/generate/serverGenerator.go:64.2,64.12 1 2
binh-swagger/cmd/swagger/commands/generate/serverGenerator.go:67.52,69.33 2 2
binh-swagger/cmd/swagger/commands/generate/serverGenerator.go:69.33,70.36 1 3
binh-swagger/cmd/swagger/commands/generate/serverGenerator.go:70.36,72.4 1 2
binh-swagger/cmd/swagger/commands/generate/serverGenerator.go:72.9,74.4 1 1
binh-swagger/cmd/swagger/commands/generate/serverGenerator.go:76.2,76.17 1 2
binh-swagger/cmd/swagger/commands/helpers/fileHelper.go:19.51,20.22 1 2
binh-swagger/cmd/swagger/commands/helpers/fileHelper.go:20.22,22.3 1 1
binh-swagger/cmd/swagger/commands/helpers/fileHelper.go:23.2,23.12 1 1
binh-swagger/cmd/swagger/commands/helpers/fileHelper.go:27.79,31.36 4 1
binh-swagger/cmd/swagger/commands/helpers/fileHelper.go:31.36,33.3 1 1
binh-swagger/cmd/swagger/commands/helpers/fileHelper.go:34.2,34.22 1 1
binh-swagger/cmd/swagger/commands/helpers/fileHelper.go:37.46,39.16 2 0
binh-swagger/cmd/swagger/commands/helpers/fileHelper.go:39.16,41.3 1 0
binh-swagger/cmd/swagger/commands/helpers/fileHelper.go:42.2,42.37 1 0
binh-swagger/cmd/swagger/commands/helpers/fileHelper.go:42.37,44.3 1 0
binh-swagger/cmd/swagger/commands/helpers/fileHelper.go:45.2,45.12 1 0
binh-swagger/cmd/swagger/commands/helpers/fileHelper.go:48.99,49.52 1 2
binh-swagger/cmd/swagger/commands/helpers/fileHelper.go:49.52,50.53 1 2
binh-swagger/cmd/swagger/commands/helpers/fileHelper.go:50.53,52.4 1 1
binh-swagger/cmd/swagger/commands/helpers/fileHelper.go:53.3,53.53 1 1
binh-swagger/cmd/swagger/commands/helpers/fileHelper.go:53.53,55.4 1 0
binh-swagger/cmd/swagger/commands/helpers/fileHelper.go:57.3,57.70 1 1
binh-swagger/cmd/swagger/commands/helpers/fileHelper.go:57.70,59.4 1 0
binh-swagger/cmd/swagger/commands/helpers/fileHelper.go:61.2,61.19 1 1
binh-swagger/cmd/swagger/commands/helpers/fileHelper.go:64.81,69.16 4 4
binh-swagger/cmd/swagger/commands/helpers/fileHelper.go:69.16,71.3 1 0
binh-swagger/cmd/swagger/commands/helpers/fileHelper.go:73.2,74.45 2 4
binh-swagger/cmd/swagger/commands/helpers/fileHelper.go:77.55,79.52 2 2
binh-swagger/cmd/swagger/commands/helpers/fileHelper.go:79.52,80.70 1 2
binh-swagger/cmd/swagger/commands/helpers/fileHelper.go:80.70,82.4 1 0
binh-swagger/cmd/swagger/commands/helpers/fileHelper.go:84.2,84.21 1 2
binh-swagger/cmd/swagger/commands/helpers/fileHelper.go:87.70,91.16 3 4
binh-swagger/cmd/swagger/commands/helpers/fileHelper.go:91.16,93.3 1 0
binh-swagger/cmd/swagger/commands/helpers/fileHelper.go:95.2,95.32 1 4
binh-swagger/cmd/swagger/commands/helpers/fileHelper.go:95.32,96.20 1 3
binh-swagger/cmd/swagger/commands/helpers/fileHelper.go:96.20,102.18 4 3
binh-swagger/cmd/swagger/commands/helpers/fileHelper.go:102.18,104.5 1 0
binh-swagger/cmd/swagger/commands/helpers/fileHelper.go:105.4,105.41 1 3
binh-swagger/cmd/swagger/commands/helpers/fileHelper.go:109.2,109.21 1 4
binh-swagger/cmd/swagger/commands/helpers/fileHelper.go:112.27,114.24 2 2
binh-swagger/cmd/swagger/commands/helpers/fileHelper.go:114.24,116.3 1 1
binh-swagger/cmd/swagger/commands/helpers/fileHelper.go:117.2,117.12 1 1
binh-swagger/cmd/swagger/commands/helpers/fileHelper.go:120.43,122.16 2 1
binh-swagger/cmd/swagger/commands/helpers/fileHelper.go:122.16,124.3 1 0
binh-swagger/cmd/swagger/commands/helpers/fileHelper.go:125.2,126.6 2 1
binh-swagger/cmd/swagger/commands/helpers/fileHelper.go:126.6,128.58 2 1
binh-swagger/cmd/swagger/commands/helpers/fileHelper.go:128.58,130.4 1 1
binh-swagger/cmd/swagger/commands/helpers/fileHelper.go:131.3,131.34 1 0
binh-swagger/cmd/swagger/commands/helpers/fileHelper.go:131.34,133.4 1 0
binh-swagger/cmd/swagger/commands/baseCommand.go:13.56,17.2 1 8
binh-swagger/cmd/swagger/commands/config.go:56.51,58.16 2 3
binh-swagger/cmd/swagger/commands/config.go:58.16,61.3 2 0
binh-swagger/cmd/swagger/commands/config.go:63.2,64.16 2 3
binh-swagger/cmd/swagger/commands/config.go:64.16,67.3 2 2
binh-swagger/cmd/swagger/commands/config.go:68.2,70.11 2 1
binh-swagger/cmd/swagger/commands/config.go:70.11,72.17 2 1
binh-swagger/cmd/swagger/commands/config.go:72.17,74.4 1 0
binh-swagger/cmd/swagger/commands/config.go:75.3,76.17 2 1
binh-swagger/cmd/swagger/commands/config.go:76.17,78.4 1 0
binh-swagger/cmd/swagger/commands/config.go:80.3,80.123 1 1
binh-swagger/cmd/swagger/commands/config.go:83.2,83.12 1 1
binh-swagger/cmd/swagger/commands/config.go:86.60,88.2 1 0
binh-swagger/cmd/swagger/commands/config.go:134.50,136.11 2 7
binh-swagger/cmd/swagger/commands/config.go:136.11,138.3 1 5
binh-swagger/cmd/swagger/commands/config.go:140.2,140.11 1 7
binh-swagger/cmd/swagger/commands/config.go:140.11,142.3 1 2
binh-swagger/cmd/swagger/commands/config.go:144.2,144.15 1 7
binh-swagger/cmd/swagger/commands/config.go:144.15,146.3 1 1
binh-swagger/cmd/swagger/commands/config.go:148.2,148.16 1 6
binh-swagger/cmd/swagger/commands/config.go:148.16,150.3 1 1
binh-swagger/cmd/swagger/commands/config.go:152.2,152.12 1 5
binh-swagger/cmd/swagger/commands/config.go:155.50,158.37 2 2
binh-swagger/cmd/swagger/commands/config.go:158.37,160.3 1 1
binh-swagger/cmd/swagger/commands/config.go:162.2,162.45 1 1
binh-swagger/cmd/swagger/commands/config.go:162.45,164.3 1 1
binh-swagger/cmd/swagger/commands/config.go:166.2,166.53 1 0
binh-swagger/cmd/swagger/commands/config.go:196.50,198.16 2 2
binh-swagger/cmd/swagger/commands/config.go:198.16,200.3 1 0
binh-swagger/cmd/swagger/commands/config.go:201.2,202.49 2 2
binh-swagger/cmd/swagger/commands/config.go:202.49,204.3 1 0
binh-swagger/cmd/swagger/commands/config.go:205.2,205.16 1 2
binh-swagger/cmd/swagger/commands/config.go:208.62,214.16 5 3
binh-swagger/cmd/swagger/commands/config.go:214.16,216.3 1 2
binh-swagger/cmd/swagger/commands/config.go:218.2,219.16 2 1
binh-swagger/cmd/swagger/commands/config.go:219.16,221.25 2 0
binh-swagger/cmd/swagger/commands/config.go:221.25,223.4 1 0
binh-swagger/cmd/swagger/commands/config.go:224.3,224.39 1 0
binh-swagger/cmd/swagger/commands/config.go:227.2,228.16 2 1
binh-swagger/cmd/swagger/commands/config.go:228.16,231.3 2 0
binh-swagger/cmd/swagger/commands/config.go:233.2,236.16 3 1
binh-swagger/cmd/swagger/commands/config.go:236.16,238.3 1 0
binh-swagger/cmd/swagger/commands/config.go:240.2,240.15 1 1
binh-swagger/cmd/swagger/commands/echo.go:19.49,21.13 2 2
binh-swagger/cmd/swagger/commands/echo.go:21.13,23.3 1 1
binh-swagger/cmd/swagger/commands/echo.go:25.2,26.12 2 2
binh-swagger/cmd/swagger/commands/env.go:12.48,20.2 7 1
binh-swagger/cmd/swagger/commands/help.go:12.52,13.26 1 1
binh-swagger/cmd/swagger/commands/help.go:13.26,14.47 1 2
binh-swagger/cmd/swagger/commands/help.go:14.47,16.4 1 0
binh-swagger/cmd/swagger/commands/help.go:18.2,18.12 1 1
binh-swagger/cmd/swagger/commands/help.go:21.49,27.2 2 1
binh-swagger/cmd/swagger/commands/version.go:12.52,14.16 2 1
binh-swagger/cmd/swagger/commands/version.go:14.16,16.3 1 0
binh-swagger/cmd/swagger/commands/version.go:17.2,17.12 1 1
binh-swagger/cmd/swagger/commands/generate/internal/templateHelper/templatehelper.go:100.113,102.16 2 2
binh-swagger/cmd/swagger/commands/generate/internal/templateHelper/templatehelper.go:102.16,104.3 1 1
binh-swagger/cmd/swagger/commands/generate/internal/templateHelper/templatehelper.go:106.2,107.16 2 1
binh-swagger/cmd/swagger/commands/generate/internal/templateHelper/templatehelper.go:107.16,109.3 1 0
binh-swagger/cmd/swagger/commands/generate/internal/templateHelper/templatehelper.go:113.2,116.22 3 1
binh-swagger/cmd/swagger/commands/generate/internal/templateHelper/templatehelper.go:126.59,128.16 2 6
binh-swagger/cmd/swagger/commands/generate/internal/templateHelper/templatehelper.go:128.16,130.3 1 3
binh-swagger/cmd/swagger/commands/generate/internal/templateHelper/templatehelper.go:131.2,131.18 1 3
binh-swagger/cmd/swagger/commands/generate/internal/templateHelper/templatehelper.go:135.42,137.9 2 2
binh-swagger/cmd/swagger/commands/generate/internal/templateHelper/templatehelper.go:137.9,139.3 1 0
binh-swagger/cmd/swagger/commands/generate/internal/templateHelper/templatehelper.go:140.2,140.32 1 2
binh-swagger/cmd/swagger/commands/generate/internal/templateHelper/templatehelper.go:143.120,145.16 2 0
binh-swagger/cmd/swagger/commands/generate/internal/templateHelper/templatehelper.go:145.16,147.3 1 0
binh-swagger/cmd/swagger/commands/generate/internal/templateHelper/templatehelper.go:149.2,149.67 1 0
binh-swagger/cmd/swagger/commands/generate/internal/templateHelper/templatehelper.go:149.67,151.3 1 0
binh-swagger/cmd/swagger/commands/generate/internal/templateHelper/templatehelper.go:153.2,153.18 1 0
binh-swagger/cmd/swagger/commands/generate/internal/templateHelper/templatehelper.go:156.118,157.70 1 0
binh-swagger/cmd/swagger/commands/generate/internal/templateHelper/templatehelper.go:157.70,159.3 1 0
binh-swagger/cmd/swagger/commands/generate/internal/templateHelper/templatehelper.go:160.2,160.12 1 0
binh-swagger/cmd/swagger/commands/generate/internal/templateHelper/templatehelper.go:163.62,165.34 2 2
binh-swagger/cmd/swagger/commands/generate/internal/templateHelper/templatehelper.go:165.34,167.23 2 5
binh-swagger/cmd/swagger/commands/generate/internal/templateHelper/templatehelper.go:167.23,169.4 1 2
binh-swagger/cmd/swagger/commands/generate/internal/templateHelper/templatehelper.go:170.3,170.52 1 5
binh-swagger/cmd/swagger/commands/generate/internal/templateHelper/templatehelper.go:174.63,176.29 2 6
binh-swagger/cmd/swagger/commands/generate/internal/templateHelper/templatehelper.go:176.29,178.3 1 7
binh-swagger/cmd/swagger/commands/generate/internal/templateHelper/templatehelper.go:179.2,179.16 1 6
binh-swagger/cmd/swagger/commands/generate/internal/templateHelper/templatehelper.go:182.45,183.19 1 9
binh-swagger/cmd/swagger/commands/generate/internal/templateHelper/templatehelper.go:184.36,185.16 1 3
binh-swagger/cmd/swagger/commands/generate/internal/templateHelper/templatehelper.go:186.19,187.34 1 2
binh-swagger/cmd/swagger/commands/generate/internal/templateHelper/templatehelper.go:188.25,189.41 1 0
binh-swagger/cmd/swagger/commands/generate/internal/templateHelper/templatehelper.go:190.51,191.24 1 0
binh-swagger/cmd/swagger/commands/generate/internal/templateHelper/templatehelper.go:192.17,193.19 1 0
binh-swagger/cmd/swagger/commands/generate/internal/templateHelper/templatehelper.go:194.22,195.20 1 0
binh-swagger/cmd/swagger/commands/generate/internal/templateHelper/templatehelper.go:196.10,197.12 1 4
